<!-- Generated by pkgdown: do not edit by hand -->
<!DOCTYPE html>
<html lang="en">
  <head>
  <meta charset="utf-8">
<meta http-equiv="X-UA-Compatible" content="IE=edge">
<meta name="viewport" content="width=device-width, initial-scale=1.0">

<title>Calculate expected values when true segregation is zero — mutual_expected • segregation</title>


<!-- jquery -->
<script src="https://cdnjs.cloudflare.com/ajax/libs/jquery/3.3.1/jquery.min.js" integrity="sha256-FgpCb/KJQlLNfOu91ta32o/NMZxltwRo8QtmkMRdAu8=" crossorigin="anonymous"></script>
<!-- Bootstrap -->

<link rel="stylesheet" href="https://cdnjs.cloudflare.com/ajax/libs/twitter-bootstrap/3.3.7/css/bootstrap.min.css" integrity="sha256-916EbMg70RQy9LHiGkXzG8hSg9EdNy97GazNG/aiY1w=" crossorigin="anonymous" />

<script src="https://cdnjs.cloudflare.com/ajax/libs/twitter-bootstrap/3.3.7/js/bootstrap.min.js" integrity="sha256-U5ZEeKfGNOja007MMD3YBI0A3OSZOQbeG6z2f2Y0hu8=" crossorigin="anonymous"></script>

<!-- Font Awesome icons -->
<link rel="stylesheet" href="https://cdnjs.cloudflare.com/ajax/libs/font-awesome/5.7.1/css/all.min.css" integrity="sha256-nAmazAk6vS34Xqo0BSrTb+abbtFlgsFK7NKSi6o7Y78=" crossorigin="anonymous" />
<link rel="stylesheet" href="https://cdnjs.cloudflare.com/ajax/libs/font-awesome/5.7.1/css/v4-shims.min.css" integrity="sha256-6qHlizsOWFskGlwVOKuns+D1nB6ssZrHQrNj1wGplHc=" crossorigin="anonymous" />

<!-- clipboard.js -->
<script src="https://cdnjs.cloudflare.com/ajax/libs/clipboard.js/2.0.4/clipboard.min.js" integrity="sha256-FiZwavyI2V6+EXO1U+xzLG3IKldpiTFf3153ea9zikQ=" crossorigin="anonymous"></script>

<!-- headroom.js -->
<script src="https://cdnjs.cloudflare.com/ajax/libs/headroom/0.9.4/headroom.min.js" integrity="sha256-DJFC1kqIhelURkuza0AvYal5RxMtpzLjFhsnVIeuk+U=" crossorigin="anonymous"></script>
<script src="https://cdnjs.cloudflare.com/ajax/libs/headroom/0.9.4/jQuery.headroom.min.js" integrity="sha256-ZX/yNShbjqsohH1k95liqY9Gd8uOiE1S4vZc+9KQ1K4=" crossorigin="anonymous"></script>

<!-- pkgdown -->
<link href="../pkgdown.css" rel="stylesheet">
<script src="../pkgdown.js"></script>




<meta property="og:title" content="Calculate expected values when true segregation is zero — mutual_expected" />
<meta property="og:description" content="When sample sizes are small, one group has a small proportion, or
when there are many units, segregation indices are typically upwardly
biased, even when true segregation is zero. This function simulates
tables with zero segregation, given the marginals of the dataset,
and calculates segregation. If the expected values are large,
the interpretation of index scores might have to be adjusted." />
<meta name="twitter:card" content="summary" />




<!-- mathjax -->
<script src="https://cdnjs.cloudflare.com/ajax/libs/mathjax/2.7.5/MathJax.js" integrity="sha256-nvJJv9wWKEm88qvoQl9ekL2J+k/RWIsaSScxxlsrv8k=" crossorigin="anonymous"></script>
<script src="https://cdnjs.cloudflare.com/ajax/libs/mathjax/2.7.5/config/TeX-AMS-MML_HTMLorMML.js" integrity="sha256-84DKXVJXs0/F8OTMzX4UR909+jtl4G7SPypPavF+GfA=" crossorigin="anonymous"></script>

<!--[if lt IE 9]>
<script src="https://oss.maxcdn.com/html5shiv/3.7.3/html5shiv.min.js"></script>
<script src="https://oss.maxcdn.com/respond/1.4.2/respond.min.js"></script>
<![endif]-->



  </head>

  <body>
    <div class="container template-reference-topic">
      <header>
      <div class="navbar navbar-default navbar-fixed-top" role="navigation">
  <div class="container">
    <div class="navbar-header">
      <button type="button" class="navbar-toggle collapsed" data-toggle="collapse" data-target="#navbar" aria-expanded="false">
        <span class="sr-only">Toggle navigation</span>
        <span class="icon-bar"></span>
        <span class="icon-bar"></span>
        <span class="icon-bar"></span>
      </button>
      <span class="navbar-brand">
        <a class="navbar-link" href="../index.html">segregation</a>
        <span class="version label label-default" data-toggle="tooltip" data-placement="bottom" title="Released version">0.3.0.9000</span>
      </span>
    </div>

    <div id="navbar" class="navbar-collapse collapse">
      <ul class="nav navbar-nav">
        <li>
  <a href="../index.html">
    <span class="fas fa fas fa-home fa-lg"></span>
     
  </a>
</li>
<li>
  <a href="../reference/index.html">Reference</a>
</li>
<li>
  <a href="../news/index.html">Changelog</a>
</li>
      </ul>
      <ul class="nav navbar-nav navbar-right">
        <li>
  <a href="https://github.com/elbersb/segregation">
    <span class="fab fa fab fa-github fa-lg"></span>
     
  </a>
</li>
      </ul>
      
    </div><!--/.nav-collapse -->
  </div><!--/.container -->
</div><!--/.navbar -->

      

      </header>

<div class="row">
  <div class="col-md-9 contents">
    <div class="page-header">
    <h1>Calculate expected values when true segregation is zero</h1>
    <small class="dont-index">Source: <a href='https://github.com/elbersb/segregation/blob/master/R/mutual_expected.R'><code>R/mutual_expected.R</code></a></small>
    <div class="hidden name"><code>mutual_expected.Rd</code></div>
    </div>

    <div class="ref-description">
    <p>When sample sizes are small, one group has a small proportion, or
when there are many units, segregation indices are typically upwardly
biased, even when true segregation is zero. This function simulates
tables with zero segregation, given the marginals of the dataset,
and calculates segregation. If the expected values are large,
the interpretation of index scores might have to be adjusted.</p>
    </div>

    <pre class="usage"><span class='fu'>mutual_expected</span>(
  <span class='no'>data</span>,
  <span class='no'>group</span>,
  <span class='no'>unit</span>,
  <span class='kw'>weight</span> <span class='kw'>=</span> <span class='kw'>NULL</span>,
  <span class='kw'>fixed_margins</span> <span class='kw'>=</span> <span class='fl'>TRUE</span>,
  <span class='kw'>n_bootstrap</span> <span class='kw'>=</span> <span class='fl'>100</span>,
  <span class='kw'>base</span> <span class='kw'>=</span> <span class='fu'><a href='https://rdrr.io/r/base/Log.html'>exp</a></span>(<span class='fl'>1</span>)
)</pre>

    <h2 class="hasAnchor" id="arguments"><a class="anchor" href="#arguments"></a>Arguments</h2>
    <table class="ref-arguments">
    <colgroup><col class="name" /><col class="desc" /></colgroup>
    <tr>
      <th>data</th>
      <td><p>A data frame.</p></td>
    </tr>
    <tr>
      <th>group</th>
      <td><p>A categorical variable or a vector of variables
contained in <code>data</code>. Defines the first dimension
over which segregation is computed.</p></td>
    </tr>
    <tr>
      <th>unit</th>
      <td><p>A categorical variable or a vector of variables
contained in <code>data</code>. Defines the second dimension
over which segregation is computed.</p></td>
    </tr>
    <tr>
      <th>weight</th>
      <td><p>Numeric. (Default <code>NULL</code>)</p></td>
    </tr>
    <tr>
      <th>fixed_margins</th>
      <td><p>Should the margins be fixed or simulated? (Default <code>TRUE</code>)</p></td>
    </tr>
    <tr>
      <th>n_bootstrap</th>
      <td><p>Number of bootstrap iterations. (Default <code>100</code>)</p></td>
    </tr>
    <tr>
      <th>base</th>
      <td><p>Base of the logarithm that is used in the calculation.
Defaults to the natural logarithm.</p></td>
    </tr>
    </table>

    <h2 class="hasAnchor" id="value"><a class="anchor" href="#value"></a>Value</h2>

    <p>A data.table with two rows, corresponding to the expected values of
   segregation when true segregation is zero.</p>

    <h2 class="hasAnchor" id="examples"><a class="anchor" href="#examples"></a>Examples</h2>
    <pre class="examples"><div class='input'><span class='co'># the schools00 dataset has a large sample size, so expected segregation is close to zero</span>
<span class='fu'>mutual_expected</span>(<span class='no'>schools00</span>, <span class='st'>"race"</span>, <span class='st'>"school"</span>, <span class='kw'>weight</span> <span class='kw'>=</span> <span class='st'>"n"</span>)</div><div class='output co'>#&gt;         stat         est           se
#&gt; 1: M under 0 0.004805749 5.965502e-05
#&gt; 2: H under 0 0.004729737 5.871147e-05</div><div class='input'>
<span class='co'># but we can build a smaller table, with 100 students distributed across</span>
<span class='co'># 10 schools, where one racial group has 10% of the students</span>
<span class='no'>small</span> <span class='kw'>&lt;-</span> <span class='fu'><a href='https://rdrr.io/r/base/data.frame.html'>data.frame</a></span>(
          <span class='kw'>school</span> <span class='kw'>=</span> <span class='fu'><a href='https://rdrr.io/r/base/c.html'>c</a></span>(<span class='fl'>1</span>:<span class='fl'>10</span>, <span class='fl'>1</span>:<span class='fl'>10</span>),
          <span class='kw'>race</span> <span class='kw'>=</span> <span class='fu'><a href='https://rdrr.io/r/base/c.html'>c</a></span>(<span class='fu'><a href='https://rdrr.io/r/base/rep.html'>rep</a></span>(<span class='st'>"r1"</span>, <span class='fl'>10</span>), <span class='fu'><a href='https://rdrr.io/r/base/rep.html'>rep</a></span>(<span class='st'>"r2"</span>, <span class='fl'>10</span>)),
          <span class='kw'>n</span> <span class='kw'>=</span> <span class='fu'><a href='https://rdrr.io/r/base/c.html'>c</a></span>(<span class='fu'><a href='https://rdrr.io/r/base/rep.html'>rep</a></span>(<span class='fl'>1</span>, <span class='fl'>10</span>), <span class='fu'><a href='https://rdrr.io/r/base/rep.html'>rep</a></span>(<span class='fl'>9</span>, <span class='fl'>10</span>)))
<span class='fu'>mutual_expected</span>(<span class='no'>small</span>, <span class='st'>"race"</span>, <span class='st'>"school"</span>, <span class='kw'>weight</span><span class='kw'>=</span> <span class='st'>"n"</span>)</div><div class='output co'>#&gt;         stat        est         se
#&gt; 1: M under 0 0.05351007 0.02049280
#&gt; 2: H under 0 0.16460435 0.06303867</div><div class='input'><span class='co'># with an increase in sample size (n=1000), the values improve</span>
<span class='no'>small</span>$<span class='no'>n</span> <span class='kw'>&lt;-</span> <span class='no'>small</span>$<span class='no'>n</span> * <span class='fl'>10</span>
<span class='fu'>mutual_expected</span>(<span class='no'>small</span>, <span class='st'>"race"</span>, <span class='st'>"school"</span>, <span class='kw'>weight</span><span class='kw'>=</span> <span class='st'>"n"</span>)</div><div class='output co'>#&gt;         stat         est          se
#&gt; 1: M under 0 0.004474672 0.001994135
#&gt; 2: H under 0 0.013764708 0.006134235</div></pre>
  </div>
  <div class="col-md-3 hidden-xs hidden-sm" id="sidebar">
    <h2>Contents</h2>
    <ul class="nav nav-pills nav-stacked">
      <li><a href="#arguments">Arguments</a></li>
      <li><a href="#value">Value</a></li>
      <li><a href="#examples">Examples</a></li>
    </ul>

  </div>
</div>


      <footer>
      <div class="copyright">
  <p>Developed by Benjamin Elbers.</p>
</div>

<div class="pkgdown">
  <p>Site built with <a href="https://pkgdown.r-lib.org/">pkgdown</a> 1.4.1.</p>
</div>

      </footer>
   </div>

  


  </body>
</html>


